Copyright 1986-2021 Xilinx, Inc. All Rights Reserved.
---------------------------------------------------------------------------------------------
| Tool Version : Vivado v.2021.1 (win64) Build 3247384 Thu Jun 10 19:36:33 MDT 2021
| Date         : Thu Dec  2 13:57:01 2021
| Host         : SurfacePro3 running 64-bit major release  (build 9200)
| Command      : report_control_sets -verbose -file Protogen_wrapper_control_sets_placed.rpt
| Design       : Protogen_wrapper
| Device       : xc7z020
---------------------------------------------------------------------------------------------

Control Set Information

Table of Contents
-----------------
1. Summary
2. Histogram
3. Flip-Flop Distribution
4. Detailed Control Set Information

1. Summary
----------

+----------------------------------------------------------+-------+
|                          Status                          | Count |
+----------------------------------------------------------+-------+
| Total control sets                                       |   119 |
|    Minimum number of control sets                        |   119 |
|    Addition due to synthesis replication                 |     0 |
|    Addition due to physical synthesis replication        |     0 |
| Unused register locations in slices containing registers |   422 |
+----------------------------------------------------------+-------+
* Control sets can be merged at opt_design using control_set_merge or merge_equivalent_drivers
** Run report_qor_suggestions for automated merging and remapping suggestions


2. Histogram
------------

+--------------------+-------+
|       Fanout       | Count |
+--------------------+-------+
| Total control sets |   119 |
| >= 0 to < 4        |    22 |
| >= 4 to < 6        |    26 |
| >= 6 to < 8        |     6 |
| >= 8 to < 10       |    19 |
| >= 10 to < 12      |     5 |
| >= 12 to < 14      |    14 |
| >= 14 to < 16      |     1 |
| >= 16              |    26 |
+--------------------+-------+
* Control sets can be remapped at either synth_design or opt_design


3. Flip-Flop Distribution
-------------------------

+--------------+-----------------------+------------------------+-----------------+--------------+
| Clock Enable | Synchronous Set/Reset | Asynchronous Set/Reset | Total Registers | Total Slices |
+--------------+-----------------------+------------------------+-----------------+--------------+
| No           | No                    | No                     |             136 |           64 |
| No           | No                    | Yes                    |              39 |           15 |
| No           | Yes                   | No                     |             126 |           69 |
| Yes          | No                    | No                     |             415 |          130 |
| Yes          | No                    | Yes                    |              31 |           10 |
| Yes          | Yes                   | No                     |             423 |          142 |
+--------------+-----------------------+------------------------+-----------------+--------------+


4. Detailed Control Set Information
-----------------------------------

+--------------------------------------+--------------------------------------------------------------------------------------------------------------------------------------------------------------------------------------------------------------+--------------------------------------------------------------------------------------------------------------------------------------------------------+------------------+----------------+--------------+
|             Clock Signal             |                                                                                                 Enable Signal                                                                                                |                                                                    Set/Reset Signal                                                                    | Slice Load Count | Bel Load Count | Bels / Slice |
+--------------------------------------+--------------------------------------------------------------------------------------------------------------------------------------------------------------------------------------------------------------+--------------------------------------------------------------------------------------------------------------------------------------------------------+------------------+----------------+--------------+
|  Protogen_i/Zynq/inst/FCLK_CLK0_BUFG |                                                                                                                                                                                                              | Protogen_i/smartconnect_0/inst/s00_nodes/s00_w_node/inst/mi_handler_m_sc_areset                                                                        |                1 |              1 |         1.00 |
|  Protogen_i/Zynq/inst/FCLK_CLK0_BUFG |                                                                                                                                                                                                              | Protogen_i/smartconnect_0/inst/s00_nodes/s00_ar_node/inst/s_sc_areset_pipe                                                                             |                1 |              1 |         1.00 |
|  Protogen_i/Zynq/inst/FCLK_CLK0_BUFG |                                                                                                                                                                                                              | Protogen_i/smartconnect_0/inst/s00_nodes/s00_ar_node/inst/mi_handler_m_sc_areset                                                                       |                1 |              1 |         1.00 |
|  Protogen_i/Zynq/inst/FCLK_CLK0_BUFG |                                                                                                                                                                                                              | Protogen_i/smartconnect_0/inst/s00_nodes/s00_r_node/inst/s_sc_areset_pipe                                                                              |                1 |              1 |         1.00 |
|  Protogen_i/Zynq/inst/FCLK_CLK0_BUFG |                                                                                                                                                                                                              | Protogen_i/smartconnect_0/inst/s00_nodes/s00_r_node/inst/mi_handler_m_sc_areset                                                                        |                1 |              1 |         1.00 |
|  Protogen_i/Zynq/inst/FCLK_CLK0_BUFG |                                                                                                                                                                                                              | Protogen_i/smartconnect_0/inst/s00_nodes/s00_aw_node/inst/s_sc_areset_pipe                                                                             |                1 |              1 |         1.00 |
|  Protogen_i/Zynq/inst/FCLK_CLK0_BUFG |                                                                                                                                                                                                              | Protogen_i/smartconnect_0/inst/s00_nodes/s00_aw_node/inst/mi_handler_m_sc_areset                                                                       |                1 |              1 |         1.00 |
|  Protogen_i/Zynq/inst/FCLK_CLK0_BUFG |                                                                                                                                                                                                              | Protogen_i/smartconnect_0/inst/s00_nodes/s00_w_node/inst/s_sc_areset_pipe                                                                              |                1 |              1 |         1.00 |
|  Protogen_i/Zynq/inst/FCLK_CLK0_BUFG | Protogen_i/smartconnect_0/inst/m00_exit_pipeline/m00_exit/inst/exit_inst/gen_w_cmd_fifo.w_cmd_fifo/gen_srls[1].srl_nx1/shift                                                                                 |                                                                                                                                                        |                1 |              1 |         1.00 |
|  Protogen_i/Zynq/inst/FCLK_CLK0_BUFG |                                                                                                                                                                                                              | Protogen_i/smartconnect_0/inst/s00_nodes/s00_b_node/inst/s_sc_areset_pipe                                                                              |                1 |              1 |         1.00 |
|  Protogen_i/Zynq/inst/FCLK_CLK0_BUFG |                                                                                                                                                                                                              | Protogen_i/smartconnect_0/inst/s00_nodes/s00_b_node/inst/mi_handler_m_sc_areset                                                                        |                1 |              1 |         1.00 |
|  Protogen_i/Zynq/inst/FCLK_CLK0_BUFG | Protogen_i/Matrix_Driver/inst/Matrix_Memory_Controller/U0/gext_inst.abcv4_0_ext_inst/GEN_AXI4.I_FULL_AXI/I_RD_CHNL/GEN_NO_RD_CMD_OPT.I_WRAP_BRST/E[1]                                                        | Protogen_i/Matrix_Driver/inst/Matrix_Memory_Controller/U0/gext_inst.abcv4_0_ext_inst/GEN_AXI4.I_FULL_AXI/I_WR_CHNL/I_WRAP_BRST/SR[0]                   |                1 |              2 |         2.00 |
|  Protogen_i/Zynq/inst/FCLK_CLK0_BUFG |                                                                                                                                                                                                              | Protogen_i/smartconnect_0/inst/s00_nodes/s00_ar_node/inst/s_sc_xpm_cdc_async_rst_inst/reset_pol                                                        |                1 |              3 |         3.00 |
|  Protogen_i/Zynq/inst/FCLK_CLK0_BUFG |                                                                                                                                                                                                              | Protogen_i/smartconnect_0/inst/s00_entry_pipeline/s00_transaction_regulator/inst/xpm_cdc_async_rst_inst/reset_pol                                      |                1 |              3 |         3.00 |
|  Protogen_i/Zynq/inst/FCLK_CLK0_BUFG |                                                                                                                                                                                                              | Protogen_i/smartconnect_0/inst/s00_entry_pipeline/s00_mmu/inst/xpm_cdc_async_rst_inst/reset_pol                                                        |                1 |              3 |         3.00 |
|  Protogen_i/Zynq/inst/FCLK_CLK0_BUFG |                                                                                                                                                                                                              | Protogen_i/smartconnect_0/inst/s00_nodes/s00_aw_node/inst/s_sc_xpm_cdc_async_rst_inst/reset_pol                                                        |                1 |              3 |         3.00 |
|  Protogen_i/Zynq/inst/FCLK_CLK0_BUFG |                                                                                                                                                                                                              | Protogen_i/smartconnect_0/inst/s00_entry_pipeline/s00_si_converter/inst/xpm_cdc_async_rst_inst/reset_pol                                               |                1 |              3 |         3.00 |
|  Protogen_i/Zynq/inst/FCLK_CLK0_BUFG |                                                                                                                                                                                                              | Protogen_i/smartconnect_0/inst/s00_nodes/s00_w_node/inst/s_sc_xpm_cdc_async_rst_inst/reset_pol                                                         |                1 |              3 |         3.00 |
|  Protogen_i/Zynq/inst/FCLK_CLK0_BUFG |                                                                                                                                                                                                              | Protogen_i/smartconnect_0/inst/m00_exit_pipeline/m00_exit/inst/xpm_cdc_async_rst_inst/reset_pol                                                        |                1 |              3 |         3.00 |
|  Protogen_i/Zynq/inst/FCLK_CLK0_BUFG | Protogen_i/smartconnect_0/inst/s00_entry_pipeline/s00_si_converter/inst/gen_normal.splitter_inst/gen_no_wsplitter.gen_endpoint_woffset.gen_wbypass_offset_fifo.wbypass_offset_fifo/gen_srls[6].srl_nx1/shift |                                                                                                                                                        |                1 |              3 |         3.00 |
|  Protogen_i/Zynq/inst/FCLK_CLK0_BUFG |                                                                                                                                                                                                              | Protogen_i/smartconnect_0/inst/s00_nodes/s00_b_node/inst/s_sc_xpm_cdc_async_rst_inst/reset_pol                                                         |                1 |              3 |         3.00 |
|  Protogen_i/Zynq/inst/FCLK_CLK0_BUFG |                                                                                                                                                                                                              | Protogen_i/smartconnect_0/inst/s00_nodes/s00_r_node/inst/s_sc_xpm_cdc_async_rst_inst/reset_pol                                                         |                1 |              3 |         3.00 |
|  Protogen_i/Zynq/inst/FCLK_CLK0_BUFG | Protogen_i/smartconnect_0/inst/s00_entry_pipeline/s00_si_converter/inst/converter.wrap_narrow_inst/gen_thread_loop[0].r_payld_fifo/cmd_fifo/E[0]                                                             |                                                                                                                                                        |                2 |              4 |         2.00 |
|  Protogen_i/Zynq/inst/FCLK_CLK0_BUFG | Protogen_i/smartconnect_0/inst/s00_entry_pipeline/s00_si_converter/inst/gen_normal.splitter_inst/gen_no_wsplitter.gen_endpoint_woffset.gen_wbypass_offset_fifo.wbypass_offset_fifo/fifoaddr[3]_i_1_n_0       | Protogen_i/smartconnect_0/inst/s00_entry_pipeline/s00_si_converter/inst/areset                                                                         |                1 |              4 |         4.00 |
|  Protogen_i/Zynq/inst/FCLK_CLK0_BUFG | Protogen_i/smartconnect_0/inst/s00_entry_pipeline/s00_si_converter/inst/converter.wrap_narrow_inst/gen_thread_loop[0].r_payld_fifo/E[0]                                                                      | Protogen_i/smartconnect_0/inst/s00_entry_pipeline/s00_si_converter/inst/areset                                                                         |                2 |              4 |         2.00 |
|  Protogen_i/Zynq/inst/FCLK_CLK0_BUFG |                                                                                                                                                                                                              | Protogen_i/rst_Zynq_100M/U0/EXT_LPF/lpf_int                                                                                                            |                2 |              4 |         2.00 |
|  Protogen_i/Zynq/inst/FCLK_CLK0_BUFG | Protogen_i/smartconnect_0/inst/m00_exit_pipeline/m00_exit/inst/exit_inst/gen_r_cmd_fifo.r_cmd_fifo/gen_srls[15].srl_nx1/shift                                                                                |                                                                                                                                                        |                1 |              4 |         4.00 |
|  Protogen_i/Zynq/inst/FCLK_CLK0_BUFG | Protogen_i/smartconnect_0/inst/m00_exit_pipeline/m00_exit/inst/exit_inst/gen_r_cmd_fifo.r_cmd_fifo/gen_pipelined.load_mesg                                                                                   |                                                                                                                                                        |                1 |              4 |         4.00 |
|  Protogen_i/Zynq/inst/FCLK_CLK0_BUFG |                                                                                                                                                                                                              | Protogen_i/smartconnect_0/inst/clk_map/psr_aclk/U0/EXT_LPF/lpf_int                                                                                     |                1 |              4 |         4.00 |
|  Protogen_i/Zynq/inst/FCLK_CLK0_BUFG | Protogen_i/smartconnect_0/inst/m00_exit_pipeline/m00_exit/inst/exit_inst/gen_w_cmd_fifo.w_cmd_fifo/fifoaddr[3]_i_1__0_n_0                                                                                    | Protogen_i/smartconnect_0/inst/m00_exit_pipeline/m00_exit/inst/areset                                                                                  |                2 |              4 |         2.00 |
|  Protogen_i/Zynq/inst/FCLK_CLK1_BUFG |                                                                                                                                                                                                              | Protogen_i/rst_Zynq_62M/U0/EXT_LPF/lpf_int                                                                                                             |                3 |              4 |         1.33 |
|  Protogen_i/Zynq/inst/FCLK_CLK1_BUFG | Protogen_i/Matrix_Driver/inst/led_driver/next_led_addr                                                                                                                                                       | Protogen_i/Matrix_Driver/inst/led_driver/s_rgb1[2]_i_2_n_0                                                                                             |                1 |              4 |         4.00 |
|  Protogen_i/Zynq/inst/FCLK_CLK0_BUFG | Protogen_i/smartconnect_0/inst/s00_entry_pipeline/s00_transaction_regulator/inst/gen_endpoint.gen_r_singleorder.r_singleorder/gen_id_fifo.singleorder_fifo/fifoaddr[3]_i_1__0_n_0                            | Protogen_i/smartconnect_0/inst/s00_entry_pipeline/s00_transaction_regulator/inst/areset                                                                |                2 |              4 |         2.00 |
|  Protogen_i/Zynq/inst/FCLK_CLK0_BUFG | Protogen_i/smartconnect_0/inst/s00_entry_pipeline/s00_transaction_regulator/inst/gen_endpoint.gen_w_singleorder.w_singleorder/gen_id_fifo.singleorder_fifo/fifoaddr[3]_i_1_n_0                               | Protogen_i/smartconnect_0/inst/s00_entry_pipeline/s00_transaction_regulator/inst/areset                                                                |                1 |              4 |         4.00 |
|  Protogen_i/Zynq/inst/FCLK_CLK0_BUFG | Protogen_i/smartconnect_0/inst/s00_entry_pipeline/s00_si_converter/inst/converter.wrap_narrow_inst/w_cmd_fifo/fifoaddr[3]_i_1__3_n_0                                                                         | Protogen_i/smartconnect_0/inst/s00_entry_pipeline/s00_si_converter/inst/areset                                                                         |                1 |              4 |         4.00 |
|  Protogen_i/Zynq/inst/FCLK_CLK0_BUFG | Protogen_i/smartconnect_0/inst/s00_entry_pipeline/s00_si_converter/inst/converter.wrap_narrow_inst/w_payld_fifo/cmd_fifo/fifoaddr[3]_i_1__4_n_0                                                              | Protogen_i/smartconnect_0/inst/s00_entry_pipeline/s00_si_converter/inst/areset                                                                         |                1 |              4 |         4.00 |
|  Protogen_i/Zynq/inst/FCLK_CLK0_BUFG | Protogen_i/smartconnect_0/inst/s00_entry_pipeline/s00_si_converter/inst/converter.wrap_narrow_inst/w_payld_fifo/w_payld_push_d0                                                                              | Protogen_i/smartconnect_0/inst/s00_entry_pipeline/s00_si_converter/inst/areset                                                                         |                2 |              4 |         2.00 |
|  Protogen_i/Zynq/inst/FCLK_CLK0_BUFG | Protogen_i/Matrix_Driver/inst/Matrix_Memory_Controller/U0/gext_inst.abcv4_0_ext_inst/GEN_AXI4.I_FULL_AXI/I_RD_CHNL/FSM_sequential_GEN_NO_RD_CMD_OPT.rd_data_sm_cs[3]_i_1_n_0                                 | Protogen_i/Matrix_Driver/inst/Matrix_Memory_Controller/U0/gext_inst.abcv4_0_ext_inst/GEN_AXI4.I_FULL_AXI/I_RD_CHNL/GEN_NO_RD_CMD_OPT.I_WRAP_BRST/SR[0] |                2 |              4 |         2.00 |
|  Protogen_i/Zynq/inst/FCLK_CLK0_BUFG | Protogen_i/smartconnect_0/inst/s00_entry_pipeline/s00_si_converter/inst/converter.wrap_narrow_inst/gen_thread_loop[0].r_cmd_fifo/fifoaddr[3]_i_1__1_n_0                                                      | Protogen_i/smartconnect_0/inst/s00_entry_pipeline/s00_si_converter/inst/areset                                                                         |                1 |              4 |         4.00 |
|  Protogen_i/Zynq/inst/FCLK_CLK0_BUFG | Protogen_i/smartconnect_0/inst/m00_exit_pipeline/m00_exit/inst/exit_inst/gen_r_cmd_fifo.r_cmd_fifo/fifoaddr[3]_i_1_n_0                                                                                       | Protogen_i/smartconnect_0/inst/m00_exit_pipeline/m00_exit/inst/areset                                                                                  |                1 |              4 |         4.00 |
|  Protogen_i/Zynq/inst/FCLK_CLK0_BUFG | Protogen_i/smartconnect_0/inst/s00_entry_pipeline/s00_si_converter/inst/converter.wrap_narrow_inst/gen_thread_loop[0].r_payld_fifo/cmd_fifo/fifoaddr[3]_i_1__0_n_0                                           | Protogen_i/smartconnect_0/inst/s00_entry_pipeline/s00_si_converter/inst/areset                                                                         |                1 |              4 |         4.00 |
|  Protogen_i/Zynq/inst/FCLK_CLK0_BUFG | Protogen_i/smartconnect_0/inst/s00_entry_pipeline/s00_si_converter/inst/converter.wrap_narrow_inst/w_payld_fifo/cmd_fifo/E[0]                                                                                |                                                                                                                                                        |                2 |              4 |         2.00 |
|  Protogen_i/Zynq/inst/FCLK_CLK0_BUFG | Protogen_i/smartconnect_0/inst/s00_entry_pipeline/s00_mmu/inst/gen_endpoint.b_cnt[4]_i_1_n_0                                                                                                                 | Protogen_i/smartconnect_0/inst/s00_entry_pipeline/s00_mmu/inst/areset_d                                                                                |                1 |              5 |         5.00 |
|  Protogen_i/Zynq/inst/FCLK_CLK0_BUFG | Protogen_i/smartconnect_0/inst/s00_entry_pipeline/s00_si_converter/inst/converter.wrap_narrow_inst/gen_thread_loop[0].r_payld_fifo/fifoaddr[4]_i_1_n_0                                                       | Protogen_i/smartconnect_0/inst/s00_entry_pipeline/s00_si_converter/inst/areset                                                                         |                4 |              5 |         1.25 |
|  Protogen_i/Zynq/inst/FCLK_CLK0_BUFG | Protogen_i/smartconnect_0/inst/s00_entry_pipeline/s00_si_converter/inst/converter.wrap_narrow_inst/w_payld_fifo/w_subst_mask_reg[3][2]                                                                       |                                                                                                                                                        |                2 |              5 |         2.50 |
|  Protogen_i/Zynq/inst/FCLK_CLK0_BUFG | Protogen_i/smartconnect_0/inst/s00_entry_pipeline/s00_mmu/inst/ar_reg_stall/E[0]                                                                                                                             | Protogen_i/smartconnect_0/inst/s00_entry_pipeline/s00_mmu/inst/areset                                                                                  |                1 |              5 |         5.00 |
|  Protogen_i/Zynq/inst/FCLK_CLK0_BUFG | Protogen_i/smartconnect_0/inst/s00_entry_pipeline/s00_si_converter/inst/converter.wrap_narrow_inst/w_payld_fifo/fifoaddr[4]_i_1__0_n_0                                                                       | Protogen_i/smartconnect_0/inst/s00_entry_pipeline/s00_si_converter/inst/areset                                                                         |                3 |              5 |         1.67 |
|  Protogen_i/Zynq/inst/FCLK_CLK0_BUFG | Protogen_i/smartconnect_0/inst/s00_entry_pipeline/s00_mmu/inst/gen_endpoint.w_cnt[4]_i_1_n_0                                                                                                                 | Protogen_i/smartconnect_0/inst/s00_entry_pipeline/s00_mmu/inst/areset_d                                                                                |                1 |              5 |         5.00 |
|  Protogen_i/Zynq/inst/FCLK_CLK0_BUFG | Protogen_i/smartconnect_0/inst/s00_entry_pipeline/s00_si_converter/inst/converter.wrap_narrow_inst/w_payld_fifo/w_accum_continue1                                                                            |                                                                                                                                                        |                3 |              6 |         2.00 |
|  Protogen_i/Zynq/inst/FCLK_CLK1_BUFG | Protogen_i/rst_Zynq_62M/U0/SEQ/seq_cnt_en                                                                                                                                                                    | Protogen_i/rst_Zynq_62M/U0/SEQ/SEQ_COUNTER/clear                                                                                                       |                1 |              6 |         6.00 |
|  Protogen_i/Zynq/inst/FCLK_CLK0_BUFG |                                                                                                                                                                                                              | Protogen_i/smartconnect_0/inst/m00_exit_pipeline/m00_exit/inst/areset                                                                                  |                3 |              6 |         2.00 |
|  Protogen_i/Zynq/inst/FCLK_CLK0_BUFG | Protogen_i/smartconnect_0/inst/clk_map/psr_aclk/U0/SEQ/seq_cnt_en                                                                                                                                            | Protogen_i/smartconnect_0/inst/clk_map/psr_aclk/U0/SEQ/SEQ_COUNTER/clear                                                                               |                1 |              6 |         6.00 |
|  Protogen_i/Zynq/inst/FCLK_CLK0_BUFG | Protogen_i/rst_Zynq_100M/U0/SEQ/seq_cnt_en                                                                                                                                                                   | Protogen_i/rst_Zynq_100M/U0/SEQ/SEQ_COUNTER/clear                                                                                                      |                2 |              6 |         3.00 |
|  Protogen_i/Zynq/inst/FCLK_CLK0_BUFG |                                                                                                                                                                                                              | Protogen_i/smartconnect_0/inst/s00_entry_pipeline/s00_transaction_regulator/inst/areset                                                                |                3 |              6 |         2.00 |
|  Protogen_i/Zynq/inst/FCLK_CLK0_BUFG | Protogen_i/smartconnect_0/inst/s00_entry_pipeline/s00_mmu/inst/gen_endpoint.decerr_slave_inst/gen_axi.gen_read.read_cnt[7]_i_1_n_0                                                                           | Protogen_i/smartconnect_0/inst/s00_entry_pipeline/s00_mmu/inst/areset                                                                                  |                3 |              8 |         2.67 |
|  Protogen_i/Zynq/inst/FCLK_CLK0_BUFG | Protogen_i/smartconnect_0/inst/s00_nodes/s00_b_node/inst/gen_normal.inst_mi_handler/gen_normal_area.inst_fifo_node_payld/gen_xpm_memory_fifo.inst_fifo/wr_wea                                                |                                                                                                                                                        |                1 |              8 |         8.00 |
|  Protogen_i/Zynq/inst/FCLK_CLK0_BUFG | Protogen_i/smartconnect_0/inst/s00_entry_pipeline/s00_si_converter/inst/converter.wrap_narrow_inst/w_payld_fifo/cmd_fifo/gen_pipelined.load_mesg                                                             |                                                                                                                                                        |                4 |              8 |         2.00 |
|  Protogen_i/Zynq/inst/FCLK_CLK0_BUFG | Protogen_i/smartconnect_0/inst/s00_entry_pipeline/s00_si_converter/inst/converter.wrap_narrow_inst/gen_thread_loop[0].r_payld_fifo/gen_thread_loop[0].rlast_i_reg[0][0]                                      | Protogen_i/smartconnect_0/inst/s00_entry_pipeline/s00_si_converter/inst/areset                                                                         |                4 |              8 |         2.00 |
|  Protogen_i/Zynq/inst/FCLK_CLK0_BUFG | Protogen_i/smartconnect_0/inst/s00_entry_pipeline/s00_si_converter/inst/converter.wrap_narrow_inst/gen_thread_loop[0].r_payld_fifo/cmd_fifo/gen_pipelined.load_mesg                                          |                                                                                                                                                        |                3 |              8 |         2.67 |
|  Protogen_i/Zynq/inst/FCLK_CLK0_BUFG | Protogen_i/smartconnect_0/inst/s00_entry_pipeline/s00_si_converter/inst/converter.wrap_narrow_inst/w_payld_fifo/cmd_fifo/gen_srls[11].srl_nx1/shift                                                          |                                                                                                                                                        |                2 |              8 |         4.00 |
|  Protogen_i/Zynq/inst/FCLK_CLK0_BUFG | Protogen_i/smartconnect_0/inst/s00_entry_pipeline/s00_si_converter/inst/converter.wrap_narrow_inst/w_cmd_fifo/E[0]                                                                                           | Protogen_i/smartconnect_0/inst/s00_entry_pipeline/s00_si_converter/inst/areset                                                                         |                3 |              8 |         2.67 |
|  Protogen_i/Zynq/inst/FCLK_CLK0_BUFG | Protogen_i/Matrix_Driver/inst/Matrix_Memory_Controller/U0/gext_inst.abcv4_0_ext_inst/GEN_AXI4.I_FULL_AXI/I_RD_CHNL/GEN_NO_RD_CMD_OPT.brst_cnt[7]_i_1_n_0                                                     | Protogen_i/Matrix_Driver/inst/Matrix_Memory_Controller/U0/gext_inst.abcv4_0_ext_inst/GEN_AXI4.I_FULL_AXI/I_RD_CHNL/GEN_NO_RD_CMD_OPT.I_WRAP_BRST/SR[0] |                4 |              8 |         2.00 |
|  Protogen_i/Zynq/inst/FCLK_CLK0_BUFG | Protogen_i/smartconnect_0/inst/s00_entry_pipeline/s00_si_converter/inst/converter.wrap_narrow_inst/gen_thread_loop[0].r_payld_fifo/cmd_fifo/gen_srls[11].srl_nx1/shift                                       |                                                                                                                                                        |                2 |              8 |         4.00 |
|  Protogen_i/Zynq/inst/FCLK_CLK0_BUFG | Protogen_i/smartconnect_0/inst/s00_nodes/s00_b_node/inst/gen_normal.inst_mi_handler/gen_normal_area.inst_fifo_node_payld/gen_xpm_memory_fifo.inst_fifo/gen_mem_rep[0].inst_rd_addrb/rd_addrb_incr            | Protogen_i/smartconnect_0/inst/s00_nodes/s00_b_node/inst/gen_normal.inst_mi_handler/m_sc_areset_r                                                      |                5 |              8 |         1.60 |
|  Protogen_i/Zynq/inst/FCLK_CLK1_BUFG | Protogen_i/Matrix_Driver/inst/led_driver/next_bpp_count                                                                                                                                                      | Protogen_i/Matrix_Driver/inst/led_driver/s_rgb1[2]_i_2_n_0                                                                                             |                3 |              8 |         2.67 |
|  Protogen_i/Zynq/inst/FCLK_CLK1_BUFG | Protogen_i/Matrix_Driver/inst/led_driver/col_count[7]_i_1_n_0                                                                                                                                                | Protogen_i/Matrix_Driver/inst/led_driver/s_rgb1[2]_i_2_n_0                                                                                             |                3 |              8 |         2.67 |
|  Protogen_i/Zynq/inst/FCLK_CLK0_BUFG | Protogen_i/smartconnect_0/inst/s00_entry_pipeline/s00_si_converter/inst/converter.wrap_narrow_inst/w_payld_fifo/cmd_fifo/last_beat_reg[0]                                                                    | Protogen_i/smartconnect_0/inst/s00_entry_pipeline/s00_si_converter/inst/areset                                                                         |                3 |              9 |         3.00 |
|  Protogen_i/Zynq/inst/FCLK_CLK0_BUFG | Protogen_i/smartconnect_0/inst/s00_entry_pipeline/s00_si_converter/inst/converter.wrap_narrow_inst/w_payld_fifo/cmd_fifo/last_pop                                                                            | Protogen_i/smartconnect_0/inst/s00_entry_pipeline/s00_si_converter/inst/areset                                                                         |                3 |              9 |         3.00 |
|  Protogen_i/Zynq/inst/FCLK_CLK0_BUFG | Protogen_i/smartconnect_0/inst/s00_entry_pipeline/s00_si_converter/inst/converter.wrap_narrow_inst/w_payld_fifo/w_subst_mask_reg[3][0]                                                                       |                                                                                                                                                        |                3 |              9 |         3.00 |
|  Protogen_i/Zynq/inst/FCLK_CLK0_BUFG | Protogen_i/smartconnect_0/inst/s00_entry_pipeline/s00_si_converter/inst/converter.wrap_narrow_inst/w_payld_fifo/w_accum_continue_d_reg                                                                       | Protogen_i/smartconnect_0/inst/s00_entry_pipeline/s00_si_converter/inst/converter.wrap_narrow_inst/w_payld_fifo/s_ready_i_reg_0                        |                2 |              9 |         4.50 |
|  Protogen_i/Zynq/inst/FCLK_CLK0_BUFG | Protogen_i/smartconnect_0/inst/s00_entry_pipeline/s00_si_converter/inst/converter.wrap_narrow_inst/w_payld_fifo/w_subst_mask_reg[3][1]                                                                       |                                                                                                                                                        |                3 |              9 |         3.00 |
|  Protogen_i/Zynq/inst/FCLK_CLK0_BUFG | Protogen_i/smartconnect_0/inst/s00_entry_pipeline/s00_si_converter/inst/converter.wrap_narrow_inst/gen_thread_loop[0].r_payld_fifo/cmd_fifo/last_pop                                                         | Protogen_i/smartconnect_0/inst/s00_entry_pipeline/s00_si_converter/inst/areset                                                                         |                3 |              9 |         3.00 |
|  Protogen_i/Zynq/inst/FCLK_CLK0_BUFG | Protogen_i/smartconnect_0/inst/s00_entry_pipeline/s00_si_converter/inst/converter.wrap_narrow_inst/gen_thread_loop[0].r_payld_fifo/cmd_fifo/last_beat_reg[0]                                                 | Protogen_i/smartconnect_0/inst/s00_entry_pipeline/s00_si_converter/inst/areset                                                                         |                4 |              9 |         2.25 |
|  Protogen_i/Zynq/inst/FCLK_CLK0_BUFG | Protogen_i/smartconnect_0/inst/s00_entry_pipeline/s00_si_converter/inst/converter.wrap_narrow_inst/gen_thread_loop[0].r_payld_fifo/S00_AXI_rready[0]                                                         | Protogen_i/smartconnect_0/inst/s00_entry_pipeline/s00_si_converter/inst/areset                                                                         |                4 |             10 |         2.50 |
|  Protogen_i/Zynq/inst/FCLK_CLK0_BUFG | Protogen_i/Matrix_Driver/inst/Matrix_Memory_Controller/U0/gext_inst.abcv4_0_ext_inst/GEN_AXI4.I_FULL_AXI/I_RD_CHNL/GEN_NO_RD_CMD_OPT.I_WRAP_BRST/E[0]                                                        | Protogen_i/Matrix_Driver/inst/Matrix_Memory_Controller/U0/gext_inst.abcv4_0_ext_inst/GEN_AXI4.I_FULL_AXI/I_WR_CHNL/I_WRAP_BRST/SR[0]                   |                5 |             10 |         2.00 |
|  Protogen_i/Zynq/inst/FCLK_CLK0_BUFG | Protogen_i/smartconnect_0/inst/s00_entry_pipeline/s00_si_converter/inst/converter.wrap_narrow_inst/w_cmd_fifo/gen_srls[15].srl_nx1/shift                                                                     |                                                                                                                                                        |                3 |             11 |         3.67 |
|  Protogen_i/Zynq/inst/FCLK_CLK0_BUFG | Protogen_i/smartconnect_0/inst/s00_entry_pipeline/s00_si_converter/inst/converter.wrap_narrow_inst/w_cmd_fifo/gen_pipelined.load_mesg                                                                        |                                                                                                                                                        |                5 |             11 |         2.20 |
|  Protogen_i/Zynq/inst/FCLK_CLK1_BUFG | Protogen_i/Matrix_Driver/inst/led_driver/PANEL_CTRL[2]                                                                                                                                                       | Protogen_i/Matrix_Driver/inst/led_driver/s_rgb1[2]_i_2_n_0                                                                                             |                3 |             11 |         3.67 |
|  Protogen_i/Zynq/inst/FCLK_CLK0_BUFG | Protogen_i/smartconnect_0/inst/s00_nodes/s00_b_node/inst/gen_normal.inst_si_handler/s_sc_valid                                                                                                               | Protogen_i/smartconnect_0/inst/s00_nodes/s00_b_node/inst/gen_normal.inst_mi_handler/areset_r                                                           |                4 |             12 |         3.00 |
|  Protogen_i/Zynq/inst/FCLK_CLK0_BUFG | Protogen_i/smartconnect_0/inst/s00_nodes/s00_ar_node/inst/gen_normal.inst_si_handler/s_sc_valid                                                                                                              | Protogen_i/smartconnect_0/inst/s00_nodes/s00_ar_node/inst/gen_normal.inst_mi_handler/areset_r                                                          |                4 |             12 |         3.00 |
|  Protogen_i/Zynq/inst/FCLK_CLK0_BUFG | Protogen_i/smartconnect_0/inst/s00_entry_pipeline/s00_transaction_regulator/inst/gen_endpoint.gen_w_singleorder.w_singleorder/gen_id_fifo.singleorder_fifo/gen_srls[11].srl_nx1/shift                        |                                                                                                                                                        |                4 |             12 |         3.00 |
|  Protogen_i/Zynq/inst/FCLK_CLK0_BUFG | Protogen_i/smartconnect_0/inst/s00_entry_pipeline/s00_transaction_regulator/inst/gen_endpoint.gen_w_singleorder.w_singleorder/gen_id_fifo.singleorder_fifo/gen_pipelined.load_mesg                           |                                                                                                                                                        |                6 |             12 |         2.00 |
|  Protogen_i/Zynq/inst/FCLK_CLK0_BUFG | Protogen_i/smartconnect_0/inst/s00_entry_pipeline/s00_transaction_regulator/inst/gen_endpoint.gen_r_singleorder.r_singleorder/gen_id_fifo.singleorder_fifo/gen_pipelined.load_mesg                           |                                                                                                                                                        |                6 |             12 |         2.00 |
|  Protogen_i/Zynq/inst/FCLK_CLK0_BUFG | Protogen_i/smartconnect_0/inst/s00_entry_pipeline/s00_mmu/inst/gen_endpoint.decerr_slave_inst/gen_axi.gen_read.s_axi_rid_i[11]_i_1_n_0                                                                       | Protogen_i/smartconnect_0/inst/s00_entry_pipeline/s00_mmu/inst/areset                                                                                  |                3 |             12 |         4.00 |
|  Protogen_i/Zynq/inst/FCLK_CLK0_BUFG | Protogen_i/smartconnect_0/inst/s00_nodes/s00_r_node/inst/gen_normal.inst_si_handler/s_sc_valid                                                                                                               | Protogen_i/smartconnect_0/inst/s00_nodes/s00_r_node/inst/gen_normal.inst_mi_handler/areset_r                                                           |                4 |             12 |         3.00 |
|  Protogen_i/Zynq/inst/FCLK_CLK0_BUFG | Protogen_i/smartconnect_0/inst/s00_entry_pipeline/s00_transaction_regulator/inst/gen_endpoint.gen_r_singleorder.r_singleorder/gen_id_fifo.singleorder_fifo/gen_srls[11].srl_nx1/shift                        |                                                                                                                                                        |                3 |             12 |         4.00 |
|  Protogen_i/Zynq/inst/FCLK_CLK0_BUFG | Protogen_i/smartconnect_0/inst/s00_entry_pipeline/s00_mmu/inst/gen_endpoint.decerr_slave_inst/gen_axi.gen_write.s_axi_bid_i[11]_i_1_n_0                                                                      | Protogen_i/smartconnect_0/inst/s00_entry_pipeline/s00_mmu/inst/areset                                                                                  |                3 |             12 |         4.00 |
|  Protogen_i/Zynq/inst/FCLK_CLK1_BUFG |                                                                                                                                                                                                              | Protogen_i/Matrix_Driver/inst/led_driver/s_rgb1[2]_i_2_n_0                                                                                             |                6 |             12 |         2.00 |
|  Protogen_i/Zynq/inst/FCLK_CLK0_BUFG | Protogen_i/smartconnect_0/inst/s00_nodes/s00_aw_node/inst/gen_normal.inst_si_handler/s_sc_valid                                                                                                              | Protogen_i/smartconnect_0/inst/s00_nodes/s00_aw_node/inst/gen_normal.inst_mi_handler/areset_r                                                          |                5 |             12 |         2.40 |
|  Protogen_i/Zynq/inst/FCLK_CLK0_BUFG | Protogen_i/smartconnect_0/inst/s00_nodes/s00_w_node/inst/gen_normal.inst_si_handler/s_sc_valid                                                                                                               | Protogen_i/smartconnect_0/inst/s00_nodes/s00_w_node/inst/gen_normal.inst_mi_handler/areset_r                                                           |                6 |             12 |         2.00 |
|  Protogen_i/Zynq/inst/FCLK_CLK0_BUFG | Protogen_i/smartconnect_0/inst/s00_entry_pipeline/s00_si_converter/inst/converter.wrap_narrow_inst/gen_thread_loop[0].r_cmd_fifo/gen_pipelined.load_mesg                                                     |                                                                                                                                                        |                5 |             13 |         2.60 |
|  Protogen_i/Zynq/inst/FCLK_CLK0_BUFG | Protogen_i/smartconnect_0/inst/s00_entry_pipeline/s00_si_converter/inst/converter.wrap_narrow_inst/gen_thread_loop[0].r_cmd_fifo/gen_srls[20].srl_nx1/shift                                                  |                                                                                                                                                        |                4 |             13 |         3.25 |
|  Protogen_i/Zynq/inst/FCLK_CLK0_BUFG | Protogen_i/Matrix_Driver/inst/Matrix_Memory_Controller/U0/gext_inst.abcv4_0_ext_inst/GEN_AXI4.I_FULL_AXI/GEN_ARB.I_SNG_PORT/E[0]                                                                             | Protogen_i/Matrix_Driver/inst/Matrix_Memory_Controller/U0/gext_inst.abcv4_0_ext_inst/GEN_AXI4.I_FULL_AXI/I_RD_CHNL/GEN_NO_RD_CMD_OPT.I_WRAP_BRST/SR[0] |                3 |             14 |         4.67 |
|  Protogen_i/Zynq/inst/FCLK_CLK0_BUFG | Protogen_i/smartconnect_0/inst/s00_entry_pipeline/s00_si_converter/inst/converter.wrap_narrow_inst/aw_reg_slice/m_vector_i                                                                                   |                                                                                                                                                        |                5 |             21 |         4.20 |
|  Protogen_i/Zynq/inst/FCLK_CLK0_BUFG | Protogen_i/smartconnect_0/inst/s00_entry_pipeline/s00_si_converter/inst/converter.wrap_narrow_inst/aw_reg_slice/skid_buffer[1144]_i_1_n_0                                                                    |                                                                                                                                                        |                7 |             21 |         3.00 |
|  Protogen_i/Zynq/inst/FCLK_CLK0_BUFG |                                                                                                                                                                                                              | Protogen_i/smartconnect_0/inst/s00_entry_pipeline/s00_mmu/inst/areset                                                                                  |               10 |             21 |         2.10 |
|  Protogen_i/Zynq/inst/FCLK_CLK0_BUFG | Protogen_i/smartconnect_0/inst/s00_nodes/s00_aw_node/inst/gen_normal.inst_mi_handler/gen_normal_area.inst_fifo_node_payld/gen_xpm_memory_fifo.inst_fifo/gen_mem_rep[0].inst_rd_addrb/rd_addrb_incr           | Protogen_i/smartconnect_0/inst/s00_nodes/s00_aw_node/inst/gen_normal.inst_mi_handler/m_sc_areset_r                                                     |                6 |             23 |         3.83 |
|  Protogen_i/Zynq/inst/FCLK_CLK0_BUFG | Protogen_i/smartconnect_0/inst/s00_entry_pipeline/s00_si_converter/inst/converter.wrap_narrow_inst/w_shelve_d                                                                                                |                                                                                                                                                        |                5 |             23 |         4.60 |
|  Protogen_i/Zynq/inst/FCLK_CLK0_BUFG | Protogen_i/Matrix_Driver/inst/Matrix_Memory_Controller/U0/gext_inst.abcv4_0_ext_inst/GEN_AXI4.I_FULL_AXI/I_WR_CHNL/wrdata_reg_ld                                                                             |                                                                                                                                                        |                5 |             24 |         4.80 |
|  Protogen_i/Zynq/inst/FCLK_CLK1_BUFG |                                                                                                                                                                                                              |                                                                                                                                                        |                8 |             24 |         3.00 |
|  Protogen_i/Zynq/inst/FCLK_CLK0_BUFG | Protogen_i/smartconnect_0/inst/s00_entry_pipeline/s00_si_converter/inst/converter.wrap_narrow_inst/ar_reg_slice/m_vector_i                                                                                   |                                                                                                                                                        |                8 |             26 |         3.25 |
|  Protogen_i/Zynq/inst/FCLK_CLK0_BUFG | Protogen_i/smartconnect_0/inst/s00_entry_pipeline/s00_si_converter/inst/converter.wrap_narrow_inst/ar_reg_slice/skid_buffer[1144]_i_1__0_n_0                                                                 |                                                                                                                                                        |                9 |             26 |         2.89 |
|  Protogen_i/Zynq/inst/FCLK_CLK0_BUFG |                                                                                                                                                                                                              | Protogen_i/Matrix_Driver/inst/Matrix_Memory_Controller/U0/gext_inst.abcv4_0_ext_inst/GEN_AXI4.I_FULL_AXI/I_RD_CHNL/GEN_NO_RD_CMD_OPT.I_WRAP_BRST/SR[0] |               13 |             29 |         2.23 |
|  Protogen_i/Zynq/inst/FCLK_CLK0_BUFG | Protogen_i/smartconnect_0/inst/s00_nodes/s00_ar_node/inst/gen_normal.inst_mi_handler/gen_normal_area.inst_fifo_node_payld/gen_xpm_memory_fifo.inst_fifo/gen_mem_rep[0].inst_rd_addrb/rd_addrb_incr           | Protogen_i/smartconnect_0/inst/s00_nodes/s00_ar_node/inst/gen_normal.inst_mi_handler/m_sc_areset_r                                                     |               10 |             30 |         3.00 |
|  Protogen_i/Zynq/inst/FCLK_CLK0_BUFG | Protogen_i/smartconnect_0/inst/s00_nodes/s00_aw_node/inst/gen_normal.inst_mi_handler/gen_normal_area.inst_fifo_node_payld/gen_xpm_memory_fifo.inst_fifo/wr_wea                                               |                                                                                                                                                        |                4 |             32 |         8.00 |
|  Protogen_i/Zynq/inst/FCLK_CLK0_BUFG | Protogen_i/smartconnect_0/inst/s00_entry_pipeline/s00_si_converter/inst/converter.wrap_narrow_inst/w_payld_fifo/gen_srls[103].srl_nx1/push                                                                   |                                                                                                                                                        |                8 |             32 |         4.00 |
|  Protogen_i/Zynq/inst/FCLK_CLK0_BUFG | Protogen_i/smartconnect_0/inst/s00_entry_pipeline/s00_si_converter/inst/gen_normal.splitter_inst/gen_no_wsplitter.gen_endpoint_woffset.gen_wbypass_offset_fifo.wbypass_offset_fifo/E[0]                      |                                                                                                                                                        |                9 |             33 |         3.67 |
|  Protogen_i/Zynq/inst/FCLK_CLK0_BUFG | Protogen_i/smartconnect_0/inst/s00_entry_pipeline/s00_si_converter/inst/converter.wrap_narrow_inst/gen_thread_loop[0].r_payld_fifo/cmd_fifo/S00_AXI_rready[0]                                                |                                                                                                                                                        |                9 |             34 |         3.78 |
|  Protogen_i/Zynq/inst/FCLK_CLK0_BUFG | Protogen_i/smartconnect_0/inst/s00_nodes/s00_w_node/inst/gen_normal.inst_mi_handler/gen_normal_area.inst_fifo_node_payld/gen_xpm_memory_fifo.inst_fifo/gen_mem_rep[0].inst_rd_addrb/rd_addrb_incr            | Protogen_i/smartconnect_0/inst/s00_nodes/s00_w_node/inst/gen_normal.inst_mi_handler/m_sc_areset_r                                                      |                9 |             34 |         3.78 |
|  Protogen_i/Zynq/inst/FCLK_CLK0_BUFG | Protogen_i/smartconnect_0/inst/s00_entry_pipeline/s00_mmu/inst/aw_reg_stall/m_vector_i[1144]_i_1__0_n_0                                                                                                      |                                                                                                                                                        |                8 |             34 |         4.25 |
|  Protogen_i/Zynq/inst/FCLK_CLK0_BUFG | Protogen_i/smartconnect_0/inst/s00_entry_pipeline/s00_si_converter/inst/converter.wrap_narrow_inst/r_shelf                                                                                                   |                                                                                                                                                        |               10 |             34 |         3.40 |
|  Protogen_i/Zynq/inst/FCLK_CLK0_BUFG | Protogen_i/smartconnect_0/inst/s00_entry_pipeline/s00_mmu/inst/ar_reg_stall/m_vector_i[1144]_i_1_n_0                                                                                                         |                                                                                                                                                        |               10 |             34 |         3.40 |
|  Protogen_i/Zynq/inst/FCLK_CLK0_BUFG | Protogen_i/smartconnect_0/inst/s00_entry_pipeline/s00_si_converter/inst/converter.wrap_narrow_inst/gen_thread_loop[0].r_payld_fifo/gen_srls[38].srl_nx1/push                                                 |                                                                                                                                                        |                9 |             34 |         3.78 |
|  Protogen_i/Zynq/inst/FCLK_CLK0_BUFG | Protogen_i/smartconnect_0/inst/s00_nodes/s00_r_node/inst/gen_normal.inst_mi_handler/gen_normal_area.inst_fifo_node_payld/gen_xpm_memory_fifo.inst_fifo/gen_mem_rep[0].inst_rd_addrb/rd_addrb_incr            | Protogen_i/smartconnect_0/inst/s00_nodes/s00_r_node/inst/gen_normal.inst_mi_handler/m_sc_areset_r                                                      |               10 |             40 |         4.00 |
|  Protogen_i/Zynq/inst/FCLK_CLK0_BUFG |                                                                                                                                                                                                              | Protogen_i/smartconnect_0/inst/s00_entry_pipeline/s00_si_converter/inst/areset                                                                         |               24 |             42 |         1.75 |
|  Protogen_i/Zynq/inst/FCLK_CLK0_BUFG | Protogen_i/smartconnect_0/inst/s00_nodes/s00_w_node/inst/gen_normal.inst_mi_handler/gen_normal_area.inst_fifo_node_payld/gen_xpm_memory_fifo.inst_fifo/wr_wea                                                |                                                                                                                                                        |                6 |             48 |         8.00 |
|  Protogen_i/Zynq/inst/FCLK_CLK0_BUFG | Protogen_i/smartconnect_0/inst/s00_nodes/s00_ar_node/inst/gen_normal.inst_mi_handler/gen_normal_area.inst_fifo_node_payld/gen_xpm_memory_fifo.inst_fifo/wr_wea                                               |                                                                                                                                                        |                6 |             48 |         8.00 |
|  Protogen_i/Zynq/inst/FCLK_CLK0_BUFG | Protogen_i/smartconnect_0/inst/s00_nodes/s00_r_node/inst/gen_normal.inst_mi_handler/gen_normal_area.inst_fifo_node_payld/gen_xpm_memory_fifo.inst_fifo/wr_wea                                                |                                                                                                                                                        |                7 |             56 |         8.00 |
|  Protogen_i/Zynq/inst/FCLK_CLK0_BUFG |                                                                                                                                                                                                              |                                                                                                                                                        |               58 |            115 |         1.98 |
+--------------------------------------+--------------------------------------------------------------------------------------------------------------------------------------------------------------------------------------------------------------+--------------------------------------------------------------------------------------------------------------------------------------------------------+------------------+----------------+--------------+


